[www.templatemonster.com/fr/demo/88574.html]
[backblue.gif]
[fade.gif]
[index.html]
[storefront-templatemonster.netdna-ssl.com/apple-touch-icon.png]
[storefront-templatemonster.netdna-ssl.com/favicon-32x32.png]
[storefront-templatemonster.netdna-ssl.com/favicon-16x16.png]
[storefront-templatemonster.netdna-ssl.com/index.spa.bundle.ca54897dcc1f4be17e52.css]
[storefront-templatemonster.netdna-ssl.com/page_livedemo.spa.chunk.ca54897dcc1f4be17e52.css]
[storefront-templatemonster.netdna-ssl.com/javascript/fontloader.min.js]
[storefront-templatemonster.netdna-ssl.com/javascript/Logger.js]
[storefront-templatemonster.netdna-ssl.com/component_promotions.spa.chunk.ca54897dcc1f4be17e52.js]
[storefront-templatemonster.netdna-ssl.com/index.spa.bundle.ca54897dcc1f4be17e52.js]
[www.templatemonster.com/fr/demo/88574.html]
[www.googletagmanager.com/gtm5445.html]
[storefront-templatemonster.netdna-ssl.com/page_livedemo.spa.chunk.ca54897dcc1f4be17e52.js]
[storefront-templatemonster.netdna-ssl.com/42fd828711ea3a1521ddb4f546577a17.svg]
[storefront-templatemonster.netdna-ssl.com/images/countriesFlags.png]
[storefront-templatemonster.netdna-ssl.com/aba42a7cbbfaa4095357fa4af1592dbc.woff2]
[storefront-templatemonster.netdna-ssl.com/index.spa.bundle.ca54897dcc1f4be17e52.css]
[storefront-templatemonster.netdna-ssl.com/page_livedemo.spa.chunk.ca54897dcc1f4be17e52.css]
[storefront-templatemonster.netdna-ssl.com/42fd828711ea3a1521ddb4f546577a17.svg]
[storefront-templatemonster.netdna-ssl.com/4af8abcc11a98106bf93ee86e42dc2e1.svg]
[storefront-templatemonster.netdna-ssl.com/4af8abcc11a98106bf93ee86e42dc2e1.svg]
